
Memory Configuration

Name             Origin             Length             Attributes
FLASH            0x08000000         0x00004000         xr
SRAM             0x20000000         0x00001000         xrw
*default*        0x00000000         0xffffffff

Linker script and memory map

LOAD src/main.o
LOAD src/stm32_startup.o

.text           0x08000000      0x1a8
 *(.isr_vector)
 .isr_vector    0x08000000       0x9c src/stm32_startup.o
                0x08000000                vectors
 *(.text)
 .text          0x0800009c       0x7c src/main.o
                0x0800009c                main
 .text          0x08000118       0x90 src/stm32_startup.o
                0x08000118                Reset_Handler
                0x080001a0                DMA_CH4_5_Handler
                0x080001a0                FLASH_Handler
                0x080001a0                EXTI2_3_Handler
                0x080001a0                SVCall_Handler
                0x080001a0                USART3_4_5_6_Handler
                0x080001a0                HardFault_Handler
                0x080001a0                SysTick_Handler
                0x080001a0                I2C1_Handler
                0x080001a0                PendSV_Handler
                0x080001a0                NMI_Handler
                0x080001a0                ADC_Handler
                0x080001a0                WWDG_Handler
                0x080001a0                RTC_Handler
                0x080001a0                TIM1_CC_Handler
                0x080001a0                EXTI4_15_Handler
                0x080001a0                USB_Handler
                0x080001a0                USART1_Handler
                0x080001a0                TIM3_Handler
                0x080001a0                Default_Handler
                0x080001a0                TIM17_Handler
                0x080001a0                EXTI0_1_Handler
                0x080001a0                DMA_CH1_Handler
                0x080001a0                SPI2_Handler
                0x080001a0                DMA_CH2_3_Handler
                0x080001a0                Reserved_Handler
                0x080001a0                TIM16_Handler
                0x080001a0                I2C2_Handler
                0x080001a0                TIM14_Handler
                0x080001a0                USART2_Handler
                0x080001a0                SPI1_Handler
                0x080001a0                RCC_Handler
                0x080001a0                TIM15_Handler
                0x080001a0                TIM1_BRK_UP_TRG_COM_Handler
                0x080001a0                TIM6_Handler
 *(.rodata)
                0x080001a8                        . = ALIGN (0x4)
                0x080001a8                        _etext = .
                0x080001a8                        _la_data = LOADADDR (.data)

.glue_7         0x080001a8        0x0
 .glue_7        0x080001a8        0x0 linker stubs

.glue_7t        0x080001a8        0x0
 .glue_7t       0x080001a8        0x0 linker stubs

.vfp11_veneer   0x080001a8        0x0
 .vfp11_veneer  0x080001a8        0x0 linker stubs

.v4_bx          0x080001a8        0x0
 .v4_bx         0x080001a8        0x0 linker stubs

.iplt           0x080001a8        0x0
 .iplt          0x080001a8        0x0 src/stm32_startup.o

.rel.dyn        0x080001a8        0x0
 .rel.iplt      0x080001a8        0x0 src/stm32_startup.o

.data           0x20000000        0x0 load address 0x080001a8
                0x20000000                        _sdata = .
 *(.data)
 .data          0x20000000        0x0 src/main.o
 .data          0x20000000        0x0 src/stm32_startup.o
                0x20000000                        . = ALIGN (0x4)
                0x20000000                        _edata = .

.igot.plt       0x20000000        0x0 load address 0x080001a8
 .igot.plt      0x20000000        0x0 src/stm32_startup.o

.bss            0x20000000        0x0 load address 0x080001a8
                0x20000000                        _sbss = .
 *(.bss)
 .bss           0x20000000        0x0 src/main.o
 .bss           0x20000000        0x0 src/stm32_startup.o
                0x20000000                        . = ALIGN (0x4)
                0x20000000                        _ebss = .
OUTPUT(src/final.elf elf32-littlearm)
LOAD linker stubs

.comment        0x00000000       0x26
 .comment       0x00000000       0x26 src/main.o
                                 0x27 (size before relaxing)
 .comment       0x00000026       0x27 src/stm32_startup.o

.ARM.attributes
                0x00000000       0x2e
 .ARM.attributes
                0x00000000       0x2e src/main.o
 .ARM.attributes
                0x0000002e       0x2e src/stm32_startup.o
